// Vitest Snapshot v1

exports[`src/presentation/Hero > renders correctly 1`] = `
<DocumentFragment>
  <div
    class="flex flex-col justify-center items-center h-36"
  >
    <img
      alt="logo"
      class=""
      src="/src/assets/logo.svg"
    />
    <h2
      class="font-poller text-white text-3xl mt-8"
    >
      Learn how Ethereum & Bitcoin Finality Works.
    </h2>
  </div>
</DocumentFragment>
`;
