// Vitest Snapshot v1

exports[`src/presentation/ProgressBar > renders correctly 1`] = `
<DocumentFragment>
  <div
    class="flex flex-row justify-center gap-3"
  >
    <div
      class="bg-water-blue w-7 h-14"
    />
    <div
      class="bg-water-blue w-7 h-14"
    />
    <div
      class="bg-water-blue w-7 h-14"
    />
    <div
      class="bg-water-blue w-7 h-14"
    />
    <div
      class="bg-water-blue w-7 h-14"
    />
    <div
      class="bg-water-blue w-7 h-14"
    />
    <div
      class="bg-water-blue w-7 h-14"
    />
    <div
      class="bg-water-blue w-7 h-14"
    />
    <div
      class="bg-water-blue w-7 h-14"
    />
    <div
      class="bg-water-blue/40 w-7 h-14"
    />
    <div
      class="bg-water-blue/40 w-7 h-14"
    />
    <div
      class="bg-water-blue/40 w-7 h-14"
    />
    <div
      class="bg-water-blue/40 w-7 h-14"
    />
    <div
      class="bg-water-blue/40 w-7 h-14"
    />
    <div
      class="bg-water-blue/40 w-7 h-14"
    />
    <div
      class="bg-water-blue/40 w-7 h-14"
    />
    <div
      class="bg-water-blue/40 w-7 h-14"
    />
    <div
      class="bg-water-blue/40 w-7 h-14"
    />
  </div>
</DocumentFragment>
`;
